%!Adobe-FontList 1.18
%Locale:0x804

%BeginFont
Handler:DirectoryHandler
FontType:Type1
FontName:Aileron-Black
FamilyName:Aileron
StyleName:Black
FullName:Aileron Black
MenuName:Aileron Black
StyleBits:0
WritingScript:Roman
OutlineFileName:C:\Bonsoir\sous-sol\moban\moban_storage\corporate_annual_report_a4_bi-fold_cc\corporate_annual_report_a4_bi-fold_cc\Document fonts\Aileron-Black_1.otf
DataFormat:sfntData
UsesStandardEncoding:yes
isCFF:yes
hasSVG:no
FileLength:29544
FileModTime:1403245800
WeightClass:900
WidthClass:5
AngleClass:0
NameArray:0,Mac,4,Aileron Black
NameArray:0,Win,1,Aileron Black
NameArray:0,Win,16,Aileron
%EndFont

%BeginFont
Handler:DirectoryHandler
FontType:Type1
FontName:Aileron-Bold
FamilyName:Aileron
StyleName:Bold
FullName:Aileron Bold
MenuName:Aileron Bold
StyleBits:0
WritingScript:Roman
OutlineFileName:C:\Bonsoir\sous-sol\moban\moban_storage\corporate_annual_report_a4_bi-fold_cc\corporate_annual_report_a4_bi-fold_cc\Document fonts\Aileron-Bold_1.otf
DataFormat:sfntData
UsesStandardEncoding:yes
isCFF:yes
hasSVG:no
FileLength:30492
FileModTime:1403245800
WeightClass:700
WidthClass:5
AngleClass:0
NameArray:0,Mac,4,Aileron Bold
NameArray:0,Win,1,Aileron Bold
NameArray:0,Win,16,Aileron
%EndFont

%BeginFont
Handler:DirectoryHandler
FontType:Type1
FontName:Aileron-Heavy
FamilyName:Aileron
StyleName:Heavy
FullName:Aileron Heavy
MenuName:Aileron Heavy
StyleBits:0
WritingScript:Roman
OutlineFileName:C:\Bonsoir\sous-sol\moban\moban_storage\corporate_annual_report_a4_bi-fold_cc\corporate_annual_report_a4_bi-fold_cc\Document fonts\Aileron-Heavy_1.otf
DataFormat:sfntData
UsesStandardEncoding:yes
isCFF:yes
hasSVG:no
FileLength:30424
FileModTime:1403245800
WeightClass:900
WidthClass:5
AngleClass:0
NameArray:0,Mac,4,Aileron Heavy
NameArray:0,Win,1,Aileron Heavy
NameArray:0,Win,16,Aileron
%EndFont

%BeginFont
Handler:DirectoryHandler
FontType:Type1
FontName:Aileron-Light
FamilyName:Aileron
StyleName:Light
FullName:Aileron Light
MenuName:Aileron Light
StyleBits:0
WritingScript:Roman
OutlineFileName:C:\Bonsoir\sous-sol\moban\moban_storage\corporate_annual_report_a4_bi-fold_cc\corporate_annual_report_a4_bi-fold_cc\Document fonts\Aileron-Light_1.otf
DataFormat:sfntData
UsesStandardEncoding:yes
isCFF:yes
hasSVG:no
FileLength:28736
FileModTime:1403245800
WeightClass:300
WidthClass:5
AngleClass:0
NameArray:0,Mac,4,Aileron Light
NameArray:0,Win,1,Aileron Light
NameArray:0,Win,16,Aileron
%EndFont

%BeginFont
Handler:DirectoryHandler
FontType:Type1
FontName:Aileron-Regular
FamilyName:Aileron
StyleName:Regular
FullName:Aileron
MenuName:Aileron
StyleBits:0
WritingScript:Roman
OutlineFileName:C:\Bonsoir\sous-sol\moban\moban_storage\corporate_annual_report_a4_bi-fold_cc\corporate_annual_report_a4_bi-fold_cc\Document fonts\Aileron-Regular_1.otf
DataFormat:sfntData
UsesStandardEncoding:yes
isCFF:yes
hasSVG:no
FileLength:27356
FileModTime:1403245800
WeightClass:400
WidthClass:5
AngleClass:0
NameArray:0,Mac,4,Aileron
NameArray:0,Win,1,Aileron
%EndFont

%BeginFont
Handler:DirectoryHandler
FontType:Type1
FontName:Aileron-SemiBold
FamilyName:Aileron
StyleName:SemiBold
FullName:Aileron SemiBold
MenuName:Aileron SemiBold
StyleBits:0
WritingScript:Roman
OutlineFileName:C:\Bonsoir\sous-sol\moban\moban_storage\corporate_annual_report_a4_bi-fold_cc\corporate_annual_report_a4_bi-fold_cc\Document fonts\Aileron-SemiBold_1.otf
DataFormat:sfntData
UsesStandardEncoding:yes
isCFF:yes
hasSVG:no
FileLength:29412
FileModTime:1403245800
WeightClass:600
WidthClass:5
AngleClass:0
NameArray:0,Mac,4,Aileron SemiBold
NameArray:0,Win,1,Aileron SemiBold
NameArray:0,Win,16,Aileron
%EndFont

%BeginFont
Handler:DirectoryHandler
FontType:Type1
FontName:Aileron-UltraLight
FamilyName:Aileron
StyleName:UltraLight
FullName:Aileron UltraLight
MenuName:Aileron UltraLight
StyleBits:0
WritingScript:Roman
OutlineFileName:C:\Bonsoir\sous-sol\moban\moban_storage\corporate_annual_report_a4_bi-fold_cc\corporate_annual_report_a4_bi-fold_cc\Document fonts\Aileron-UltraLight_1.otf
DataFormat:sfntData
UsesStandardEncoding:yes
isCFF:yes
hasSVG:no
FileLength:27276
FileModTime:1403245800
WeightClass:250
WidthClass:5
AngleClass:0
NameArray:0,Mac,4,Aileron UltraLight
NameArray:0,Win,1,Aileron UltraLight
NameArray:0,Win,16,Aileron
%EndFont

%BeginFont
Handler:DirectoryHandler
FontType:TrueType
FontName:OpenSans-Bold
FamilyName:Open Sans
StyleName:Bold
FullName:Open Sans Bold
MenuName:Open Sans
StyleBits:2
WritingScript:Roman
OutlineFileName:C:\Bonsoir\sous-sol\moban\moban_storage\corporate_annual_report_a4_bi-fold_cc\corporate_annual_report_a4_bi-fold_cc\Document fonts\OpenSans-Bold.ttf
DataFormat:sfntData
hasSVG:no
FileLength:224592
FileModTime:1431960414
WeightClass:700
WidthClass:5
AngleClass:0
NameArray:0,Mac,4,Open Sans Bold
NameArray:0,Win,1,Open Sans
%EndFont

%BeginFont
Handler:DirectoryHandler
FontType:TrueType
FontName:OpenSans-Italic
FamilyName:Open Sans
StyleName:Italic
FullName:Open Sans Italic
MenuName:Open Sans
StyleBits:1
WritingScript:Roman
OutlineFileName:C:\Bonsoir\sous-sol\moban\moban_storage\corporate_annual_report_a4_bi-fold_cc\corporate_annual_report_a4_bi-fold_cc\Document fonts\OpenSans-Italic.ttf
DataFormat:sfntData
hasSVG:no
FileLength:212896
FileModTime:1431960414
WeightClass:400
WidthClass:5
AngleClass:1
NameArray:0,Mac,4,Open Sans Italic
NameArray:0,Win,1,Open Sans
%EndFont

%BeginFont
Handler:DirectoryHandler
FontType:TrueType
FontName:OpenSans
FamilyName:Open Sans
StyleName:Regular
FullName:Open Sans
MenuName:Open Sans
StyleBits:0
WritingScript:Roman
OutlineFileName:C:\Bonsoir\sous-sol\moban\moban_storage\corporate_annual_report_a4_bi-fold_cc\corporate_annual_report_a4_bi-fold_cc\Document fonts\OpenSans-Regular.ttf
DataFormat:sfntData
hasSVG:no
FileLength:217360
FileModTime:1390862852
WeightClass:400
WidthClass:5
AngleClass:0
NameArray:0,Mac,4,Open Sans
NameArray:0,Win,1,Open Sans
%EndFont

